{
  "version": "1.5.0",
  "plugins_used": [
    {
      "name": "ArtifactoryDetector"
    },
    {
      "name": "AWSKeyDetector"
    },
    {
      "name": "AzureStorageKeyDetector"
    },
    {
      "name": "Base64HighEntropyString",
      "limit": 4.5
    },
    {
      "name": "BasicAuthDetector"
    },
    {
      "name": "CloudantDetector"
    },
    {
      "name": "DiscordBotTokenDetector"
    },
    {
      "name": "GitHubTokenDetector"
    },
    {
      "name": "GitLabTokenDetector"
    },
    {
      "name": "HexHighEntropyString",
      "limit": 3.0
    },
    {
      "name": "IbmCloudIamDetector"
    },
    {
      "name": "IbmCosHmacDetector"
    },
    {
      "name": "IPPublicDetector"
    },
    {
      "name": "JwtTokenDetector"
    },
    {
      "name": "KeywordDetector",
      "keyword_exclude": ""
    },
    {
      "name": "MailchimpDetector"
    },
    {
      "name": "NpmDetector"
    },
    {
      "name": "OpenAIDetector"
    },
    {
      "name": "PrivateKeyDetector"
    },
    {
      "name": "PypiTokenDetector"
    },
    {
      "name": "SendGridDetector"
    },
    {
      "name": "SlackDetector"
    },
    {
      "name": "SoftlayerDetector"
    },
    {
      "name": "SquareOAuthDetector"
    },
    {
      "name": "StripeDetector"
    },
    {
      "name": "TelegramBotTokenDetector"
    },
    {
      "name": "TwilioKeyDetector"
    }
  ],
  "filters_used": [
    {
      "path": "detect_secrets.filters.allowlist.is_line_allowlisted"
    },
    {
      "path": "detect_secrets.filters.common.is_ignored_due_to_verification_policies",
      "min_level": 2
    },
    {
      "path": "detect_secrets.filters.heuristic.is_indirect_reference"
    },
    {
      "path": "detect_secrets.filters.heuristic.is_likely_id_string"
    },
    {
      "path": "detect_secrets.filters.heuristic.is_lock_file"
    },
    {
      "path": "detect_secrets.filters.heuristic.is_not_alphanumeric_string"
    },
    {
      "path": "detect_secrets.filters.heuristic.is_potential_uuid"
    },
    {
      "path": "detect_secrets.filters.heuristic.is_prefixed_with_dollar_sign"
    },
    {
      "path": "detect_secrets.filters.heuristic.is_sequential_string"
    },
    {
      "path": "detect_secrets.filters.heuristic.is_swagger_file"
    },
    {
      "path": "detect_secrets.filters.heuristic.is_templated_secret"
    },
    {
      "path": "detect_secrets.filters.regex.should_exclude_file",
      "pattern": [
        "node_modules|\\.git/"
      ]
    }
  ],
  "results": {
    ".foreman/pin-drift-reported.json": [
      {
        "type": "Hex High Entropy String",
        "filename": ".foreman/pin-drift-reported.json",
        "hashed_secret": "676e8e03449573828dec96e93e530fc55c27aae7",
        "is_verified": false,
        "line_number": 3,
        "is_secret": false,
        "comment": "live_sha256 field -- a content-integrity hash of PRD.md for drift detection, not a credential. Audited 2026-09-03, DEVH-68."
      }
    ],
    ".foreman/tpm-gate-concept.json": [
      {
        "type": "Hex High Entropy String",
        "filename": ".foreman/tpm-gate-concept.json",
        "hashed_secret": "84287c6825ad22888a09c837c376e19bc04e901e",
        "is_verified": false,
        "line_number": 15,
        "is_secret": false,
        "comment": "graded_content_sha.PRD.md.sha256 -- a content-integrity hash of PRD.md recorded at concept-gate time, not a credential. Audited 2026-09-03, DEVH-68."
      }
    ],
    "atlas/ingest/tests/test_audit_scrub.py": [
      {
        "type": "AWS Access Key",
        "filename": "atlas/ingest/tests/test_audit_scrub.py",
        "hashed_secret": "abac545fc3bf803134bc8f78fb6160a5c6a87b26",
        "is_verified": false,
        "line_number": 69,
        "is_secret": false,
        "comment": "Deliberately planted fake AWS access key (\"AKIAABCDEFGHIJKLMNOP\", a sequential-alphabet placeholder, not a real key shape) in a dict of test fixtures for test_c1_every_planted_pattern_is_redacted_and_verified_from_fresh_connection, which tests that a redaction/audit-scrub pipeline catches and redacts exactly this shape. Audited 2026-09-03, DEVH-68."
      },
      {
        "type": "Private Key",
        "filename": "atlas/ingest/tests/test_audit_scrub.py",
        "hashed_secret": "be4fc4886bd949b369d5e092eb87494f12e57e5b",
        "is_verified": false,
        "line_number": 70,
        "is_secret": false,
        "comment": "Deliberately planted fake private-key header line (\"-----BEGIN RSA PRIVATE KEY-----\") with no key body present -- same planted-fixture dict as line 69, testing redaction detection, not real key material. Audited 2026-09-03, DEVH-68."
      },
      {
        "type": "Base64 High Entropy String",
        "filename": "atlas/ingest/tests/test_audit_scrub.py",
        "hashed_secret": "83b73a387ac2384e318eb554ebf59c7085ddd631",
        "is_verified": false,
        "line_number": 71,
        "is_secret": false,
        "comment": "Deliberately planted fake bearer/github token value in the same planted-fixture dict as lines 69-70, testing redaction detection. Audited 2026-09-03, DEVH-68."
      },
      {
        "type": "Secret Keyword",
        "filename": "atlas/ingest/tests/test_audit_scrub.py",
        "hashed_secret": "dbaf6f778ba040dcfa378bf418216afd40c2a6e3",
        "is_verified": false,
        "line_number": 75,
        "is_secret": false,
        "comment": "Deliberately planted fake generic_api_key_assignment fixture ('api_key: \"abcdefghijklmnop1234\"') in the same planted-fixture dict, testing redaction detection. Audited 2026-09-03, DEVH-68."
      },
      {
        "type": "Secret Keyword",
        "filename": "atlas/ingest/tests/test_audit_scrub.py",
        "hashed_secret": "70bd990586d852bf3b6400fc10f8c4aea6e65165",
        "is_verified": false,
        "line_number": 76,
        "is_secret": false,
        "comment": "Deliberately planted fake password_assignment fixture ('password: \"hunterhunter2\"', a hunter2 joke placeholder) in the same planted-fixture dict, testing redaction detection. Audited 2026-09-03, DEVH-68."
      },
      {
        "type": "Basic Auth Credentials",
        "filename": "atlas/ingest/tests/test_audit_scrub.py",
        "hashed_secret": "f3bbbd66a63d4bf1747940578ec3d0103530e21d",
        "is_verified": false,
        "line_number": 77,
        "is_secret": false,
        "comment": "Deliberately planted fake credentialed URL fixture ('https://user:hunter2@example.com/path') in the same planted-fixture dict, testing redaction detection. Audited 2026-09-03, DEVH-68."
      }
    ],
    "atlas/warehouse/tests/test_credential_scan.py": [
      {
        "type": "AWS Access Key",
        "filename": "atlas/warehouse/tests/test_credential_scan.py",
        "hashed_secret": "abac545fc3bf803134bc8f78fb6160a5c6a87b26",
        "is_verified": false,
        "line_number": 55,
        "is_secret": false,
        "comment": "Same deliberately-fake placeholder AWS key as test_audit_scrub.py:69 (\"AKIAABCDEFGHIJKLMNOP\"), reused in test_aws_key_shape_is_caught to test that this project's own credential-scan check catches it. Audited 2026-09-03, DEVH-68."
      }
    ],
    "security_privacy_convergence.py": [
      {
        "type": "Secret Keyword",
        "filename": "security_privacy_convergence.py",
        "hashed_secret": "ec455a3ee7cf5464eee539817c9580e35c276726",
        "is_verified": false,
        "line_number": 436,
        "is_secret": false,
        "comment": "The literal package-name string \"detect-secrets\" as a dict value in INSTALL_COMMANDS (pip install instructions) -- flagged only because \"secret\" appears in the tool's own name, no actual secret material present. Audited 2026-09-03, DEVH-68."
      }
    ],
    "tessera/common/tests/test_hashing.py": [
      {
        "type": "Hex High Entropy String",
        "filename": "tessera/common/tests/test_hashing.py",
        "hashed_secret": "244f421f896bdcdd2784dccf4eaf7c8dfd5189b5",
        "is_verified": false,
        "line_number": 23,
        "is_secret": false,
        "comment": "Well-known public SHA-256 test vector for the empty string, hardcoded as an expected value in test_sha256_hex_vectors -- a standard cryptographic constant, not a secret. Audited 2026-09-03, DEVH-68."
      },
      {
        "type": "Hex High Entropy String",
        "filename": "tessera/common/tests/test_hashing.py",
        "hashed_secret": "aabc6baa2329644dd4c24ce57ddde468ff64ce8e",
        "is_verified": false,
        "line_number": 27,
        "is_secret": false,
        "comment": "Well-known public SHA-256 test vector for the string \"abc\", hardcoded as an expected value in test_sha256_hex_vectors -- a standard cryptographic constant, not a secret. Audited 2026-09-03, DEVH-68."
      }
    ],
    "tessera/tessguard/config.py": [
      {
        "type": "Hex High Entropy String",
        "filename": "tessera/tessguard/config.py",
        "hashed_secret": "695ac7583e03e3737b68078863e07baca3271c5b",
        "is_verified": false,
        "line_number": 50,
        "is_secret": false,
        "comment": "Integrity hash of a .githooks/ shim file (tessera/tessguard config.py's EXPECTED_SHIM_SHAS), not a credential. Audited 2026-09-02, DEVH-11/GOALS.json C8."
      },
      {
        "type": "Hex High Entropy String",
        "filename": "tessera/tessguard/config.py",
        "hashed_secret": "8024c2c64aebb680c5da9dda270b4ec4b6464903",
        "is_verified": false,
        "line_number": 52,
        "is_secret": false,
        "comment": "Integrity hash of a .githooks/ shim file (tessera/tessguard config.py's EXPECTED_SHIM_SHAS), not a credential. Audited 2026-09-02, DEVH-11/GOALS.json C8."
      }
    ]
  },
  "generated_at": "2026-09-02T13:21:06Z"
}
